Running recompute for brendah@betech.co.ke (current period)
Recompute failed: PrismaClientKnownRequestError: 
Invalid `prisma.commissionLedger.findUnique()` invocation in
C:\Projects\betechops\scripts\recompute-wrapper.js:217:58

  214   return;
  215 }
  216 
ΓåÆ 217 const existingLedger = await prisma.commissionLedger.findUnique(
The column `CommissionLedger.commissionDirect` does not exist in the current database.
    at ei.handleRequestError (C:\Projects\betechops\node_modules\.pnpm\@prisma+client@6.19.0_prism_0ade0c2032e7f19289902b884120cfab\node_modules\@prisma\client\runtime\library.js:121:7268)
    at ei.handleAndLogRequestError (C:\Projects\betechops\node_modules\.pnpm\@prisma+client@6.19.0_prism_0ade0c2032e7f19289902b884120cfab\node_modules\@prisma\client\runtime\library.js:121:6593)
    at ei.request (C:\Projects\betechops\node_modules\.pnpm\@prisma+client@6.19.0_prism_0ade0c2032e7f19289902b884120cfab\node_modules\@prisma\client\runtime\library.js:121:6300)
    at async a (C:\Projects\betechops\node_modules\.pnpm\@prisma+client@6.19.0_prism_0ade0c2032e7f19289902b884120cfab\node_modules\@prisma\client\runtime\library.js:130:9551)
    at async recompute (C:\Projects\betechops\scripts\recompute-wrapper.js:217:28) {
  code: 'P2022',
  meta: {
    modelName: 'CommissionLedger',
    column: 'CommissionLedger.commissionDirect'
  },
  clientVersion: '6.19.0'
}
